// Jest Snapshot v1, https://goo.gl/fbAQLP

exports[`MemoryStackChart should match snapshot 1`] = `
ShallowWrapper {
  "complexSelector": ComplexSelector {
    "buildPredicate": [Function],
    "childrenOfNode": [Function],
    "findWhereUnwrapped": [Function],
  },
  "length": 1,
  "node": <ResponsiveContainer
    aspect={2}
    debounce={0}
    height="100%"
    width="100%"
>
    <AnimationDecorator(ComposedDataDecorator(AreaChart))
        data={Array []}
        height={300}
        layout="horizontal"
        margin={
            Object {
                "bottom": 30,
                "left": 0,
                "right": 0,
                "top": 10,
              }
        }
        stackOffset="none"
        width={600}
    >
        <XAxis
            allowDataOverflow={false}
            allowDecimals={true}
            dataKey="timestamp"
            domain={
                Array [
                    0,
                    "auto",
                  ]
            }
            height={30}
            hide={false}
            mirror={false}
            orientation="bottom"
            padding={
                Object {
                    "left": 0,
                    "right": 0,
                  }
            }
            scale="auto"
            tickCount={5}
            tickFormatter={[Function]}
            ticks={Array []}
            type="category"
            width={0}
            xAxisId={0}
        />
        <YAxis
            allowDataOverflow={false}
            allowDecimals={true}
            domain={
                Array [
                    0,
                    "auto",
                  ]
            }
            height={0}
            hide={false}
            mirror={false}
            orientation="left"
            padding={
                Object {
                    "bottom": 0,
                    "top": 0,
                  }
            }
            scale="auto"
            tickCount={5}
            type="number"
            width={60}
            yAxisId={0}
        />
        <CartesianGrid
            fill="none"
            height={0}
            horizontal={true}
            horizontalPoints={Array []}
            stroke="#ccc"
            strokeDasharray="1 1"
            vertical={true}
            verticalPoints={Array []}
            width={0}
            x={0}
            y={0}
        />
        <Tooltip
            active={false}
            animationDuration={400}
            animationEasing="ease"
            coordinate={
                Object {
                    "x": 0,
                    "y": 0,
                  }
            }
            cursor={true}
            cursorStyle={Object {}}
            isAnimationActive={true}
            itemSorter={[Function]}
            itemStyle={Object {}}
            labelFormatter={[Function]}
            labelStyle={Object {}}
            offset={10}
            separator=" : "
            viewBox={
                Object {
                    "x1": 0,
                    "x2": 0,
                    "y1": 0,
                    "y2": 0,
                  }
            }
            wrapperStyle={Object {}}
        />
        <Area
            activeDot={true}
            animationBegin={0}
            animationDuration={1500}
            animationEasing="ease"
            connectNulls={false}
            curve={true}
            dataKey="memory_buffers"
            dot={false}
            fill="#71d5c3"
            fillOpacity={0.6}
            isAnimationActive={true}
            label={false}
            legendType="line"
            onAnimationEnd={[Function]}
            onAnimationStart={[Function]}
            points={Array []}
            stroke="#71d5c3"
            type="monotone"
            xAxisId={0}
            yAxisId={0}
        />
        <Area
            activeDot={true}
            animationBegin={0}
            animationDuration={1500}
            animationEasing="ease"
            connectNulls={false}
            curve={true}
            dataKey="memory_cached"
            dot={false}
            fill="#009db2"
            fillOpacity={0.6}
            isAnimationActive={true}
            label={false}
            legendType="line"
            onAnimationEnd={[Function]}
            onAnimationStart={[Function]}
            points={Array []}
            stroke="#009db2"
            type="monotone"
            xAxisId={0}
            yAxisId={0}
        />
        <Area
            activeDot={true}
            animationBegin={0}
            animationDuration={1500}
            animationEasing="ease"
            connectNulls={false}
            curve={true}
            dataKey="memory_shared"
            dot={false}
            fill="#009db2"
            fillOpacity={0.6}
            isAnimationActive={true}
            label={false}
            legendType="line"
            onAnimationEnd={[Function]}
            onAnimationStart={[Function]}
            points={Array []}
            stroke="#009db2"
            type="monotone"
            xAxisId={0}
            yAxisId={0}
        />
        <Area
            activeDot={true}
            animationBegin={0}
            animationDuration={1500}
            animationEasing="ease"
            connectNulls={false}
            curve={true}
            dataKey="memory_available"
            dot={false}
            fill="#98e1d4"
            fillOpacity={0.6}
            isAnimationActive={true}
            label={false}
            legendType="line"
            onAnimationEnd={[Function]}
            onAnimationStart={[Function]}
            points={Array []}
            stroke="#98e1d4"
            type="monotone"
            xAxisId={0}
            yAxisId={0}
        />
        <Area
            activeDot={true}
            animationBegin={0}
            animationDuration={1500}
            animationEasing="ease"
            connectNulls={false}
            curve={true}
            dataKey="memory_free"
            dot={false}
            fill="#f0e0a0"
            fillOpacity={0.6}
            isAnimationActive={true}
            label={false}
            legendType="line"
            onAnimationEnd={[Function]}
            onAnimationStart={[Function]}
            points={Array []}
            stroke="#f0e0a0"
            type="monotone"
            xAxisId={0}
            yAxisId={0}
        />
    </AnimationDecorator(ComposedDataDecorator(AreaChart))>
</ResponsiveContainer>,
  "nodes": Array [
    <ResponsiveContainer
      aspect={2}
      debounce={0}
      height="100%"
      width="100%"
>
      <AnimationDecorator(ComposedDataDecorator(AreaChart))
            data={Array []}
            height={300}
            layout="horizontal"
            margin={
                  Object {
                        "bottom": 30,
                        "left": 0,
                        "right": 0,
                        "top": 10,
                      }
            }
            stackOffset="none"
            width={600}
      >
            <XAxis
                  allowDataOverflow={false}
                  allowDecimals={true}
                  dataKey="timestamp"
                  domain={
                        Array [
                              0,
                              "auto",
                            ]
                  }
                  height={30}
                  hide={false}
                  mirror={false}
                  orientation="bottom"
                  padding={
                        Object {
                              "left": 0,
                              "right": 0,
                            }
                  }
                  scale="auto"
                  tickCount={5}
                  tickFormatter={[Function]}
                  ticks={Array []}
                  type="category"
                  width={0}
                  xAxisId={0}
            />
            <YAxis
                  allowDataOverflow={false}
                  allowDecimals={true}
                  domain={
                        Array [
                              0,
                              "auto",
                            ]
                  }
                  height={0}
                  hide={false}
                  mirror={false}
                  orientation="left"
                  padding={
                        Object {
                              "bottom": 0,
                              "top": 0,
                            }
                  }
                  scale="auto"
                  tickCount={5}
                  type="number"
                  width={60}
                  yAxisId={0}
            />
            <CartesianGrid
                  fill="none"
                  height={0}
                  horizontal={true}
                  horizontalPoints={Array []}
                  stroke="#ccc"
                  strokeDasharray="1 1"
                  vertical={true}
                  verticalPoints={Array []}
                  width={0}
                  x={0}
                  y={0}
            />
            <Tooltip
                  active={false}
                  animationDuration={400}
                  animationEasing="ease"
                  coordinate={
                        Object {
                              "x": 0,
                              "y": 0,
                            }
                  }
                  cursor={true}
                  cursorStyle={Object {}}
                  isAnimationActive={true}
                  itemSorter={[Function]}
                  itemStyle={Object {}}
                  labelFormatter={[Function]}
                  labelStyle={Object {}}
                  offset={10}
                  separator=" : "
                  viewBox={
                        Object {
                              "x1": 0,
                              "x2": 0,
                              "y1": 0,
                              "y2": 0,
                            }
                  }
                  wrapperStyle={Object {}}
            />
            <Area
                  activeDot={true}
                  animationBegin={0}
                  animationDuration={1500}
                  animationEasing="ease"
                  connectNulls={false}
                  curve={true}
                  dataKey="memory_buffers"
                  dot={false}
                  fill="#71d5c3"
                  fillOpacity={0.6}
                  isAnimationActive={true}
                  label={false}
                  legendType="line"
                  onAnimationEnd={[Function]}
                  onAnimationStart={[Function]}
                  points={Array []}
                  stroke="#71d5c3"
                  type="monotone"
                  xAxisId={0}
                  yAxisId={0}
            />
            <Area
                  activeDot={true}
                  animationBegin={0}
                  animationDuration={1500}
                  animationEasing="ease"
                  connectNulls={false}
                  curve={true}
                  dataKey="memory_cached"
                  dot={false}
                  fill="#009db2"
                  fillOpacity={0.6}
                  isAnimationActive={true}
                  label={false}
                  legendType="line"
                  onAnimationEnd={[Function]}
                  onAnimationStart={[Function]}
                  points={Array []}
                  stroke="#009db2"
                  type="monotone"
                  xAxisId={0}
                  yAxisId={0}
            />
            <Area
                  activeDot={true}
                  animationBegin={0}
                  animationDuration={1500}
                  animationEasing="ease"
                  connectNulls={false}
                  curve={true}
                  dataKey="memory_shared"
                  dot={false}
                  fill="#009db2"
                  fillOpacity={0.6}
                  isAnimationActive={true}
                  label={false}
                  legendType="line"
                  onAnimationEnd={[Function]}
                  onAnimationStart={[Function]}
                  points={Array []}
                  stroke="#009db2"
                  type="monotone"
                  xAxisId={0}
                  yAxisId={0}
            />
            <Area
                  activeDot={true}
                  animationBegin={0}
                  animationDuration={1500}
                  animationEasing="ease"
                  connectNulls={false}
                  curve={true}
                  dataKey="memory_available"
                  dot={false}
                  fill="#98e1d4"
                  fillOpacity={0.6}
                  isAnimationActive={true}
                  label={false}
                  legendType="line"
                  onAnimationEnd={[Function]}
                  onAnimationStart={[Function]}
                  points={Array []}
                  stroke="#98e1d4"
                  type="monotone"
                  xAxisId={0}
                  yAxisId={0}
            />
            <Area
                  activeDot={true}
                  animationBegin={0}
                  animationDuration={1500}
                  animationEasing="ease"
                  connectNulls={false}
                  curve={true}
                  dataKey="memory_free"
                  dot={false}
                  fill="#f0e0a0"
                  fillOpacity={0.6}
                  isAnimationActive={true}
                  label={false}
                  legendType="line"
                  onAnimationEnd={[Function]}
                  onAnimationStart={[Function]}
                  points={Array []}
                  stroke="#f0e0a0"
                  type="monotone"
                  xAxisId={0}
                  yAxisId={0}
            />
      </AnimationDecorator(ComposedDataDecorator(AreaChart))>
</ResponsiveContainer>,
  ],
  "options": Object {},
  "renderer": ReactShallowRenderer {
    "_instance": ShallowComponentWrapper {
      "_calledComponentWillUnmount": false,
      "_compositeType": 0,
      "_context": Object {},
      "_currentElement": <MemoryStackChart
        agentId="2"
        stackType="memory"
        url="/fetch/agent/graph/stacked/"
/>,
      "_debugID": 1,
      "_hostContainerInfo": null,
      "_hostParent": null,
      "_instance": MemoryStackChart {
        "_reactInternalInstance": [Circular],
        "context": Object {},
        "props": Object {
          "agentId": "2",
          "stackType": "memory",
          "url": "/fetch/agent/graph/stacked/",
        },
        "refs": Object {},
        "state": Object {
          "data": Array [],
        },
        "updater": Object {
          "enqueueCallback": [Function],
          "enqueueCallbackInternal": [Function],
          "enqueueElementInternal": [Function],
          "enqueueForceUpdate": [Function],
          "enqueueReplaceState": [Function],
          "enqueueSetState": [Function],
          "isMounted": [Function],
          "validateCallback": [Function],
        },
      },
      "_mountOrder": 1,
      "_pendingCallbacks": null,
      "_pendingElement": null,
      "_pendingForceUpdate": false,
      "_pendingReplaceState": false,
      "_pendingStateQueue": null,
      "_renderedComponent": NoopInternalComponent {
        "_currentElement": <ResponsiveContainer
          aspect={2}
          debounce={0}
          height="100%"
          width="100%"
>
          <AnimationDecorator(ComposedDataDecorator(AreaChart))
                    data={Array []}
                    height={300}
                    layout="horizontal"
                    margin={
                              Object {
                                        "bottom": 30,
                                        "left": 0,
                                        "right": 0,
                                        "top": 10,
                                      }
                    }
                    stackOffset="none"
                    width={600}
          >
                    <XAxis
                              allowDataOverflow={false}
                              allowDecimals={true}
                              dataKey="timestamp"
                              domain={
                                        Array [
                                                  0,
                                                  "auto",
                                                ]
                              }
                              height={30}
                              hide={false}
                              mirror={false}
                              orientation="bottom"
                              padding={
                                        Object {
                                                  "left": 0,
                                                  "right": 0,
                                                }
                              }
                              scale="auto"
                              tickCount={5}
                              tickFormatter={[Function]}
                              ticks={Array []}
                              type="category"
                              width={0}
                              xAxisId={0}
                    />
                    <YAxis
                              allowDataOverflow={false}
                              allowDecimals={true}
                              domain={
                                        Array [
                                                  0,
                                                  "auto",
                                                ]
                              }
                              height={0}
                              hide={false}
                              mirror={false}
                              orientation="left"
                              padding={
                                        Object {
                                                  "bottom": 0,
                                                  "top": 0,
                                                }
                              }
                              scale="auto"
                              tickCount={5}
                              type="number"
                              width={60}
                              yAxisId={0}
                    />
                    <CartesianGrid
                              fill="none"
                              height={0}
                              horizontal={true}
                              horizontalPoints={Array []}
                              stroke="#ccc"
                              strokeDasharray="1 1"
                              vertical={true}
                              verticalPoints={Array []}
                              width={0}
                              x={0}
                              y={0}
                    />
                    <Tooltip
                              active={false}
                              animationDuration={400}
                              animationEasing="ease"
                              coordinate={
                                        Object {
                                                  "x": 0,
                                                  "y": 0,
                                                }
                              }
                              cursor={true}
                              cursorStyle={Object {}}
                              isAnimationActive={true}
                              itemSorter={[Function]}
                              itemStyle={Object {}}
                              labelFormatter={[Function]}
                              labelStyle={Object {}}
                              offset={10}
                              separator=" : "
                              viewBox={
                                        Object {
                                                  "x1": 0,
                                                  "x2": 0,
                                                  "y1": 0,
                                                  "y2": 0,
                                                }
                              }
                              wrapperStyle={Object {}}
                    />
                    <Area
                              activeDot={true}
                              animationBegin={0}
                              animationDuration={1500}
                              animationEasing="ease"
                              connectNulls={false}
                              curve={true}
                              dataKey="memory_buffers"
                              dot={false}
                              fill="#71d5c3"
                              fillOpacity={0.6}
                              isAnimationActive={true}
                              label={false}
                              legendType="line"
                              onAnimationEnd={[Function]}
                              onAnimationStart={[Function]}
                              points={Array []}
                              stroke="#71d5c3"
                              type="monotone"
                              xAxisId={0}
                              yAxisId={0}
                    />
                    <Area
                              activeDot={true}
                              animationBegin={0}
                              animationDuration={1500}
                              animationEasing="ease"
                              connectNulls={false}
                              curve={true}
                              dataKey="memory_cached"
                              dot={false}
                              fill="#009db2"
                              fillOpacity={0.6}
                              isAnimationActive={true}
                              label={false}
                              legendType="line"
                              onAnimationEnd={[Function]}
                              onAnimationStart={[Function]}
                              points={Array []}
                              stroke="#009db2"
                              type="monotone"
                              xAxisId={0}
                              yAxisId={0}
                    />
                    <Area
                              activeDot={true}
                              animationBegin={0}
                              animationDuration={1500}
                              animationEasing="ease"
                              connectNulls={false}
                              curve={true}
                              dataKey="memory_shared"
                              dot={false}
                              fill="#009db2"
                              fillOpacity={0.6}
                              isAnimationActive={true}
                              label={false}
                              legendType="line"
                              onAnimationEnd={[Function]}
                              onAnimationStart={[Function]}
                              points={Array []}
                              stroke="#009db2"
                              type="monotone"
                              xAxisId={0}
                              yAxisId={0}
                    />
                    <Area
                              activeDot={true}
                              animationBegin={0}
                              animationDuration={1500}
                              animationEasing="ease"
                              connectNulls={false}
                              curve={true}
                              dataKey="memory_available"
                              dot={false}
                              fill="#98e1d4"
                              fillOpacity={0.6}
                              isAnimationActive={true}
                              label={false}
                              legendType="line"
                              onAnimationEnd={[Function]}
                              onAnimationStart={[Function]}
                              points={Array []}
                              stroke="#98e1d4"
                              type="monotone"
                              xAxisId={0}
                              yAxisId={0}
                    />
                    <Area
                              activeDot={true}
                              animationBegin={0}
                              animationDuration={1500}
                              animationEasing="ease"
                              connectNulls={false}
                              curve={true}
                              dataKey="memory_free"
                              dot={false}
                              fill="#f0e0a0"
                              fillOpacity={0.6}
                              isAnimationActive={true}
                              label={false}
                              legendType="line"
                              onAnimationEnd={[Function]}
                              onAnimationStart={[Function]}
                              points={Array []}
                              stroke="#f0e0a0"
                              type="monotone"
                              xAxisId={0}
                              yAxisId={0}
                    />
          </AnimationDecorator(ComposedDataDecorator(AreaChart))>
</ResponsiveContainer>,
        "_debugID": 2,
        "_renderedOutput": <ResponsiveContainer
          aspect={2}
          debounce={0}
          height="100%"
          width="100%"
>
          <AnimationDecorator(ComposedDataDecorator(AreaChart))
                    data={Array []}
                    height={300}
                    layout="horizontal"
                    margin={
                              Object {
                                        "bottom": 30,
                                        "left": 0,
                                        "right": 0,
                                        "top": 10,
                                      }
                    }
                    stackOffset="none"
                    width={600}
          >
                    <XAxis
                              allowDataOverflow={false}
                              allowDecimals={true}
                              dataKey="timestamp"
                              domain={
                                        Array [
                                                  0,
                                                  "auto",
                                                ]
                              }
                              height={30}
                              hide={false}
                              mirror={false}
                              orientation="bottom"
                              padding={
                                        Object {
                                                  "left": 0,
                                                  "right": 0,
                                                }
                              }
                              scale="auto"
                              tickCount={5}
                              tickFormatter={[Function]}
                              ticks={Array []}
                              type="category"
                              width={0}
                              xAxisId={0}
                    />
                    <YAxis
                              allowDataOverflow={false}
                              allowDecimals={true}
                              domain={
                                        Array [
                                                  0,
                                                  "auto",
                                                ]
                              }
                              height={0}
                              hide={false}
                              mirror={false}
                              orientation="left"
                              padding={
                                        Object {
                                                  "bottom": 0,
                                                  "top": 0,
                                                }
                              }
                              scale="auto"
                              tickCount={5}
                              type="number"
                              width={60}
                              yAxisId={0}
                    />
                    <CartesianGrid
                              fill="none"
                              height={0}
                              horizontal={true}
                              horizontalPoints={Array []}
                              stroke="#ccc"
                              strokeDasharray="1 1"
                              vertical={true}
                              verticalPoints={Array []}
                              width={0}
                              x={0}
                              y={0}
                    />
                    <Tooltip
                              active={false}
                              animationDuration={400}
                              animationEasing="ease"
                              coordinate={
                                        Object {
                                                  "x": 0,
                                                  "y": 0,
                                                }
                              }
                              cursor={true}
                              cursorStyle={Object {}}
                              isAnimationActive={true}
                              itemSorter={[Function]}
                              itemStyle={Object {}}
                              labelFormatter={[Function]}
                              labelStyle={Object {}}
                              offset={10}
                              separator=" : "
                              viewBox={
                                        Object {
                                                  "x1": 0,
                                                  "x2": 0,
                                                  "y1": 0,
                                                  "y2": 0,
                                                }
                              }
                              wrapperStyle={Object {}}
                    />
                    <Area
                              activeDot={true}
                              animationBegin={0}
                              animationDuration={1500}
                              animationEasing="ease"
                              connectNulls={false}
                              curve={true}
                              dataKey="memory_buffers"
                              dot={false}
                              fill="#71d5c3"
                              fillOpacity={0.6}
                              isAnimationActive={true}
                              label={false}
                              legendType="line"
                              onAnimationEnd={[Function]}
                              onAnimationStart={[Function]}
                              points={Array []}
                              stroke="#71d5c3"
                              type="monotone"
                              xAxisId={0}
                              yAxisId={0}
                    />
                    <Area
                              activeDot={true}
                              animationBegin={0}
                              animationDuration={1500}
                              animationEasing="ease"
                              connectNulls={false}
                              curve={true}
                              dataKey="memory_cached"
                              dot={false}
                              fill="#009db2"
                              fillOpacity={0.6}
                              isAnimationActive={true}
                              label={false}
                              legendType="line"
                              onAnimationEnd={[Function]}
                              onAnimationStart={[Function]}
                              points={Array []}
                              stroke="#009db2"
                              type="monotone"
                              xAxisId={0}
                              yAxisId={0}
                    />
                    <Area
                              activeDot={true}
                              animationBegin={0}
                              animationDuration={1500}
                              animationEasing="ease"
                              connectNulls={false}
                              curve={true}
                              dataKey="memory_shared"
                              dot={false}
                              fill="#009db2"
                              fillOpacity={0.6}
                              isAnimationActive={true}
                              label={false}
                              legendType="line"
                              onAnimationEnd={[Function]}
                              onAnimationStart={[Function]}
                              points={Array []}
                              stroke="#009db2"
                              type="monotone"
                              xAxisId={0}
                              yAxisId={0}
                    />
                    <Area
                              activeDot={true}
                              animationBegin={0}
                              animationDuration={1500}
                              animationEasing="ease"
                              connectNulls={false}
                              curve={true}
                              dataKey="memory_available"
                              dot={false}
                              fill="#98e1d4"
                              fillOpacity={0.6}
                              isAnimationActive={true}
                              label={false}
                              legendType="line"
                              onAnimationEnd={[Function]}
                              onAnimationStart={[Function]}
                              points={Array []}
                              stroke="#98e1d4"
                              type="monotone"
                              xAxisId={0}
                              yAxisId={0}
                    />
                    <Area
                              activeDot={true}
                              animationBegin={0}
                              animationDuration={1500}
                              animationEasing="ease"
                              connectNulls={false}
                              curve={true}
                              dataKey="memory_free"
                              dot={false}
                              fill="#f0e0a0"
                              fillOpacity={0.6}
                              isAnimationActive={true}
                              label={false}
                              legendType="line"
                              onAnimationEnd={[Function]}
                              onAnimationStart={[Function]}
                              points={Array []}
                              stroke="#f0e0a0"
                              type="monotone"
                              xAxisId={0}
                              yAxisId={0}
                    />
          </AnimationDecorator(ComposedDataDecorator(AreaChart))>
</ResponsiveContainer>,
      },
      "_renderedNodeType": 1,
      "_rootNodeID": 0,
      "_topLevelWrapper": null,
      "_updateBatchNumber": null,
      "_warnedAboutRefsInRender": false,
    },
    "getRenderOutput": [Function],
    "render": [Function],
  },
  "root": [Circular],
  "unrendered": <MemoryStackChart
    agentId="2"
    stackType="memory"
    url="/fetch/agent/graph/stacked/"
/>,
}
`;
